--- run 1 ---
-------------------------------------------------------------
STREAM (dynamic) version — custom malloc-based implementation
-------------------------------------------------------------
This system uses 4 bytes per array element.
-------------------------------------------------------------
Array size = 52428800 (elements), Offset = 0 (elements)
Memory per array = 200.0 MiB (= 0.2 GiB).
Total memory required = 600.0 MiB (= 0.6 GiB).
Each kernel will be executed 20 times.
-------------------------------------------------------------
Function    Best Rate MB/s  Avg time     Min time     Max time
Copy:           12587.2     0.036096     0.033322     0.053418
Scale:           5830.0     0.072028     0.071944     0.072220
Add:             8266.6     0.078863     0.076107     0.080203
Triad:           8128.7     0.081298     0.077398     0.089084
-------------------------------------------------------------
Solution Validates: avg error less than 1.000000e-06 on all three arrays
-------------------------------------------------------------



--- run 2 ---
-------------------------------------------------------------
STREAM (dynamic) version — custom malloc-based implementation
-------------------------------------------------------------
This system uses 4 bytes per array element.
-------------------------------------------------------------
Array size = 52428800 (elements), Offset = 0 (elements)
Memory per array = 200.0 MiB (= 0.2 GiB).
Total memory required = 600.0 MiB (= 0.6 GiB).
Each kernel will be executed 20 times.
-------------------------------------------------------------
Function    Best Rate MB/s  Avg time     Min time     Max time
Copy:           12438.6     0.035563     0.033720     0.043112
Scale:           5828.6     0.072040     0.071961     0.072316
Add:             7990.9     0.080237     0.078733     0.082861
Triad:           8087.4     0.079845     0.077793     0.081584
-------------------------------------------------------------
Solution Validates: avg error less than 1.000000e-06 on all three arrays
-------------------------------------------------------------



--- run 3 ---
-------------------------------------------------------------
STREAM (dynamic) version — custom malloc-based implementation
-------------------------------------------------------------
This system uses 4 bytes per array element.
-------------------------------------------------------------
Array size = 52428800 (elements), Offset = 0 (elements)
Memory per array = 200.0 MiB (= 0.2 GiB).
Total memory required = 600.0 MiB (= 0.6 GiB).
Each kernel will be executed 20 times.
-------------------------------------------------------------
Function    Best Rate MB/s  Avg time     Min time     Max time
Copy:           13341.5     0.033019     0.031438     0.038267
Scale:           5830.3     0.072064     0.071939     0.072446
Add:             8206.5     0.078370     0.076664     0.079930
Triad:           8129.5     0.079372     0.077390     0.082392
-------------------------------------------------------------
Solution Validates: avg error less than 1.000000e-06 on all three arrays
-------------------------------------------------------------



--- run 4 ---
-------------------------------------------------------------
STREAM (dynamic) version — custom malloc-based implementation
-------------------------------------------------------------
This system uses 4 bytes per array element.
-------------------------------------------------------------
Array size = 52428800 (elements), Offset = 0 (elements)
Memory per array = 200.0 MiB (= 0.2 GiB).
Total memory required = 600.0 MiB (= 0.6 GiB).
Each kernel will be executed 20 times.
-------------------------------------------------------------
Function    Best Rate MB/s  Avg time     Min time     Max time
Copy:           13194.6     0.034981     0.031788     0.046006
Scale:           5830.3     0.072061     0.071940     0.072340
Add:             8250.3     0.078342     0.076257     0.079005
Triad:           8138.5     0.080556     0.077305     0.085235
-------------------------------------------------------------
Solution Validates: avg error less than 1.000000e-06 on all three arrays
-------------------------------------------------------------



--- run 5 ---
-------------------------------------------------------------
STREAM (dynamic) version — custom malloc-based implementation
-------------------------------------------------------------
This system uses 4 bytes per array element.
-------------------------------------------------------------
Array size = 52428800 (elements), Offset = 0 (elements)
Memory per array = 200.0 MiB (= 0.2 GiB).
Total memory required = 600.0 MiB (= 0.6 GiB).
Each kernel will be executed 20 times.
-------------------------------------------------------------
Function    Best Rate MB/s  Avg time     Min time     Max time
Copy:           12708.5     0.037053     0.033004     0.040519
Scale:           5829.1     0.072076     0.071955     0.072297
Add:             8262.6     0.079558     0.076144     0.084642
Triad:           8234.6     0.079461     0.076403     0.084055
-------------------------------------------------------------
Solution Validates: avg error less than 1.000000e-06 on all three arrays
-------------------------------------------------------------


