--- run 1 ---
-------------------------------------------------------------
STREAM (dynamic) version — custom malloc-based implementation
-------------------------------------------------------------
This system uses 8 bytes per array element.
-------------------------------------------------------------
Array size = 26214400 (elements), Offset = 0 (elements)
Memory per array = 200.0 MiB (= 0.2 GiB).
Total memory required = 600.0 MiB (= 0.6 GiB).
Each kernel will be executed 20 times.
-------------------------------------------------------------
Function    Best Rate MB/s  Avg time     Min time     Max time
Copy:           18280.4     0.023298     0.022944     0.025280
Scale:          18234.6     0.023541     0.023002     0.027167
Add:            17872.9     0.035927     0.035201     0.039379
Triad:          17951.5     0.035981     0.035047     0.042071
-------------------------------------------------------------
Solution Validates: avg error less than 1.000000e-13 on all three arrays
-------------------------------------------------------------



--- run 2 ---
-------------------------------------------------------------
STREAM (dynamic) version — custom malloc-based implementation
-------------------------------------------------------------
This system uses 8 bytes per array element.
-------------------------------------------------------------
Array size = 26214400 (elements), Offset = 0 (elements)
Memory per array = 200.0 MiB (= 0.2 GiB).
Total memory required = 600.0 MiB (= 0.6 GiB).
Each kernel will be executed 20 times.
-------------------------------------------------------------
Function    Best Rate MB/s  Avg time     Min time     Max time
Copy:           18276.6     0.023533     0.022949     0.025634
Scale:          18209.9     0.023668     0.023033     0.027644
Add:            17804.2     0.036132     0.035337     0.040664
Triad:          17857.2     0.035945     0.035232     0.039198
-------------------------------------------------------------
Solution Validates: avg error less than 1.000000e-13 on all three arrays
-------------------------------------------------------------



--- run 3 ---
-------------------------------------------------------------
STREAM (dynamic) version — custom malloc-based implementation
-------------------------------------------------------------
This system uses 8 bytes per array element.
-------------------------------------------------------------
Array size = 26214400 (elements), Offset = 0 (elements)
Memory per array = 200.0 MiB (= 0.2 GiB).
Total memory required = 600.0 MiB (= 0.6 GiB).
Each kernel will be executed 20 times.
-------------------------------------------------------------
Function    Best Rate MB/s  Avg time     Min time     Max time
Copy:           18303.1     0.023408     0.022916     0.025263
Scale:          18278.2     0.023497     0.022947     0.025481
Add:            17899.3     0.035843     0.035149     0.039459
Triad:          17929.5     0.035758     0.035090     0.038419
-------------------------------------------------------------
Solution Validates: avg error less than 1.000000e-13 on all three arrays
-------------------------------------------------------------



--- run 4 ---
-------------------------------------------------------------
STREAM (dynamic) version — custom malloc-based implementation
-------------------------------------------------------------
This system uses 8 bytes per array element.
-------------------------------------------------------------
Array size = 26214400 (elements), Offset = 0 (elements)
Memory per array = 200.0 MiB (= 0.2 GiB).
Total memory required = 600.0 MiB (= 0.6 GiB).
Each kernel will be executed 20 times.
-------------------------------------------------------------
Function    Best Rate MB/s  Avg time     Min time     Max time
Copy:           18330.2     0.023454     0.022882     0.028337
Scale:          18253.5     0.023544     0.022978     0.029499
Add:            17755.4     0.036011     0.035434     0.039407
Triad:          17879.6     0.035827     0.035188     0.040391
-------------------------------------------------------------
Solution Validates: avg error less than 1.000000e-13 on all three arrays
-------------------------------------------------------------



--- run 5 ---
-------------------------------------------------------------
STREAM (dynamic) version — custom malloc-based implementation
-------------------------------------------------------------
This system uses 8 bytes per array element.
-------------------------------------------------------------
Array size = 26214400 (elements), Offset = 0 (elements)
Memory per array = 200.0 MiB (= 0.2 GiB).
Total memory required = 600.0 MiB (= 0.6 GiB).
Each kernel will be executed 20 times.
-------------------------------------------------------------
Function    Best Rate MB/s  Avg time     Min time     Max time
Copy:           18181.6     0.023559     0.023069     0.027535
Scale:          18176.2     0.023544     0.023076     0.025874
Add:            17671.1     0.036192     0.035603     0.039957
Triad:          17681.1     0.036276     0.035583     0.040959
-------------------------------------------------------------
Solution Validates: avg error less than 1.000000e-13 on all three arrays
-------------------------------------------------------------


