--- run 1 ---
-------------------------------------------------------------
STREAM (dynamic) version — custom malloc-based implementation
-------------------------------------------------------------
This system uses 8 bytes per array element.
-------------------------------------------------------------
Array size = 26214400 (elements), Offset = 0 (elements)
Memory per array = 200.0 MiB (= 0.2 GiB).
Total memory required = 600.0 MiB (= 0.6 GiB).
Each kernel will be executed 20 times.
-------------------------------------------------------------
Function    Best Rate MB/s  Avg time     Min time     Max time
Copy:           17766.5     0.023806     0.023608     0.025042
Scale:           1997.0     0.212563     0.210026     0.217621
Add:             2387.8     0.272640     0.263488     0.280539
Triad:           2754.0     0.241562     0.228444     0.252158
-------------------------------------------------------------
Solution Validates: avg error less than 1.000000e-13 on all three arrays
-------------------------------------------------------------



--- run 2 ---
-------------------------------------------------------------
STREAM (dynamic) version — custom malloc-based implementation
-------------------------------------------------------------
This system uses 8 bytes per array element.
-------------------------------------------------------------
Array size = 26214400 (elements), Offset = 0 (elements)
Memory per array = 200.0 MiB (= 0.2 GiB).
Total memory required = 600.0 MiB (= 0.6 GiB).
Each kernel will be executed 20 times.
-------------------------------------------------------------
Function    Best Rate MB/s  Avg time     Min time     Max time
Copy:           17746.8     0.023826     0.023634     0.024727
Scale:           1981.1     0.213358     0.211720     0.216943
Add:             2362.8     0.274699     0.266275     0.281729
Triad:           2679.5     0.247797     0.234799     0.262128
-------------------------------------------------------------
Solution Validates: avg error less than 1.000000e-13 on all three arrays
-------------------------------------------------------------



--- run 3 ---
-------------------------------------------------------------
STREAM (dynamic) version — custom malloc-based implementation
-------------------------------------------------------------
This system uses 8 bytes per array element.
-------------------------------------------------------------
Array size = 26214400 (elements), Offset = 0 (elements)
Memory per array = 200.0 MiB (= 0.2 GiB).
Total memory required = 600.0 MiB (= 0.6 GiB).
Each kernel will be executed 20 times.
-------------------------------------------------------------
Function    Best Rate MB/s  Avg time     Min time     Max time
Copy:           17766.5     0.023748     0.023608     0.024930
Scale:           1988.8     0.213163     0.210901     0.218833
Add:             2384.2     0.275105     0.263884     0.283316
Triad:           2651.8     0.250011     0.237250     0.263446
-------------------------------------------------------------
Solution Validates: avg error less than 1.000000e-13 on all three arrays
-------------------------------------------------------------



--- run 4 ---
-------------------------------------------------------------
STREAM (dynamic) version — custom malloc-based implementation
-------------------------------------------------------------
This system uses 8 bytes per array element.
-------------------------------------------------------------
Array size = 26214400 (elements), Offset = 0 (elements)
Memory per array = 200.0 MiB (= 0.2 GiB).
Total memory required = 600.0 MiB (= 0.6 GiB).
Each kernel will be executed 20 times.
-------------------------------------------------------------
Function    Best Rate MB/s  Avg time     Min time     Max time
Copy:           17785.2     0.023785     0.023583     0.025115
Scale:           1985.8     0.213431     0.211210     0.217542
Add:             2391.7     0.272194     0.263049     0.282055
Triad:           2603.2     0.249341     0.241685     0.259641
-------------------------------------------------------------
Solution Validates: avg error less than 1.000000e-13 on all three arrays
-------------------------------------------------------------



--- run 5 ---
-------------------------------------------------------------
STREAM (dynamic) version — custom malloc-based implementation
-------------------------------------------------------------
This system uses 8 bytes per array element.
-------------------------------------------------------------
Array size = 26214400 (elements), Offset = 0 (elements)
Memory per array = 200.0 MiB (= 0.2 GiB).
Total memory required = 600.0 MiB (= 0.6 GiB).
Each kernel will be executed 20 times.
-------------------------------------------------------------
Function    Best Rate MB/s  Avg time     Min time     Max time
Copy:           17761.3     0.023711     0.023615     0.024277
Scale:           1993.3     0.213016     0.210416     0.217583
Add:             2381.6     0.272352     0.264174     0.279483
Triad:           2666.1     0.246225     0.235978     0.260144
-------------------------------------------------------------
Solution Validates: avg error less than 1.000000e-13 on all three arrays
-------------------------------------------------------------



--- run 1 ---
-------------------------------------------------------------
STREAM (dynamic) version — custom malloc-based implementation
-------------------------------------------------------------
This system uses 8 bytes per array element.
-------------------------------------------------------------
Array size = 26214400 (elements), Offset = 0 (elements)
Memory per array = 200.0 MiB (= 0.2 GiB).
Total memory required = 600.0 MiB (= 0.6 GiB).
Each kernel will be executed 20 times.
-------------------------------------------------------------
Function    Best Rate MB/s  Avg time     Min time     Max time
Copy:           27250.2     0.015608     0.015392     0.017120
Scale:           4087.5     0.104244     0.102614     0.111024
Add:             5029.8     0.130520     0.125084     0.135047
Triad:           5375.9     0.127392     0.117031     0.134391
-------------------------------------------------------------
Solution Validates: avg error less than 1.000000e-13 on all three arrays
-------------------------------------------------------------



--- run 2 ---
-------------------------------------------------------------
STREAM (dynamic) version — custom malloc-based implementation
-------------------------------------------------------------
This system uses 8 bytes per array element.
-------------------------------------------------------------
Array size = 26214400 (elements), Offset = 0 (elements)
Memory per array = 200.0 MiB (= 0.2 GiB).
Total memory required = 600.0 MiB (= 0.6 GiB).
Each kernel will be executed 20 times.
-------------------------------------------------------------
Function    Best Rate MB/s  Avg time     Min time     Max time
Copy:           27198.4     0.015573     0.015421     0.016570
Scale:           4081.1     0.104156     0.102773     0.110138
Add:             4941.7     0.132126     0.127314     0.137573
Triad:           5202.4     0.129227     0.120933     0.140780
-------------------------------------------------------------
Solution Validates: avg error less than 1.000000e-13 on all three arrays
-------------------------------------------------------------



--- run 3 ---
-------------------------------------------------------------
STREAM (dynamic) version — custom malloc-based implementation
-------------------------------------------------------------
This system uses 8 bytes per array element.
-------------------------------------------------------------
Array size = 26214400 (elements), Offset = 0 (elements)
Memory per array = 200.0 MiB (= 0.2 GiB).
Total memory required = 600.0 MiB (= 0.6 GiB).
Each kernel will be executed 20 times.
-------------------------------------------------------------
Function    Best Rate MB/s  Avg time     Min time     Max time
Copy:           27243.0     0.015542     0.015396     0.016916
Scale:           4074.5     0.104509     0.102940     0.111196
Add:             4854.4     0.133498     0.129603     0.139095
Triad:           5117.1     0.128548     0.122949     0.136094
-------------------------------------------------------------
Solution Validates: avg error less than 1.000000e-13 on all three arrays
-------------------------------------------------------------



--- run 4 ---
-------------------------------------------------------------
STREAM (dynamic) version — custom malloc-based implementation
-------------------------------------------------------------
This system uses 8 bytes per array element.
-------------------------------------------------------------
Array size = 26214400 (elements), Offset = 0 (elements)
Memory per array = 200.0 MiB (= 0.2 GiB).
Total memory required = 600.0 MiB (= 0.6 GiB).
Each kernel will be executed 20 times.
-------------------------------------------------------------
Function    Best Rate MB/s  Avg time     Min time     Max time
Copy:           27242.6     0.015563     0.015396     0.017471
Scale:           4077.1     0.104507     0.102875     0.110791
Add:             5102.0     0.131125     0.123313     0.136434
Triad:           5137.6     0.128723     0.122459     0.135414
-------------------------------------------------------------
Solution Validates: avg error less than 1.000000e-13 on all three arrays
-------------------------------------------------------------



--- run 5 ---
-------------------------------------------------------------
STREAM (dynamic) version — custom malloc-based implementation
-------------------------------------------------------------
This system uses 8 bytes per array element.
-------------------------------------------------------------
Array size = 26214400 (elements), Offset = 0 (elements)
Memory per array = 200.0 MiB (= 0.2 GiB).
Total memory required = 600.0 MiB (= 0.6 GiB).
Each kernel will be executed 20 times.
-------------------------------------------------------------
Function    Best Rate MB/s  Avg time     Min time     Max time
Copy:           27303.1     0.015541     0.015362     0.017247
Scale:           4080.8     0.104009     0.102782     0.110403
Add:             5055.8     0.131907     0.124441     0.141218
Triad:           5011.0     0.130496     0.125553     0.134864
-------------------------------------------------------------
Solution Validates: avg error less than 1.000000e-13 on all three arrays
-------------------------------------------------------------



--- run 1 ---
-------------------------------------------------------------
STREAM (dynamic) version — custom malloc-based implementation
-------------------------------------------------------------
This system uses 8 bytes per array element.
-------------------------------------------------------------
Array size = 26214400 (elements), Offset = 0 (elements)
Memory per array = 200.0 MiB (= 0.2 GiB).
Total memory required = 600.0 MiB (= 0.6 GiB).
Each kernel will be executed 20 times.
-------------------------------------------------------------
Function    Best Rate MB/s  Avg time     Min time     Max time
Copy:           25691.0     0.016503     0.016326     0.017698
Scale:           8833.6     0.051040     0.047481     0.053135
Add:             9798.9     0.065711     0.064206     0.068188
Triad:          11158.1     0.060829     0.056385     0.064504
-------------------------------------------------------------
Solution Validates: avg error less than 1.000000e-13 on all three arrays
-------------------------------------------------------------



--- run 2 ---
-------------------------------------------------------------
STREAM (dynamic) version — custom malloc-based implementation
-------------------------------------------------------------
This system uses 8 bytes per array element.
-------------------------------------------------------------
Array size = 26214400 (elements), Offset = 0 (elements)
Memory per array = 200.0 MiB (= 0.2 GiB).
Total memory required = 600.0 MiB (= 0.6 GiB).
Each kernel will be executed 20 times.
-------------------------------------------------------------
Function    Best Rate MB/s  Avg time     Min time     Max time
Copy:           25251.8     0.016765     0.016610     0.017740
Scale:           8624.9     0.051032     0.048630     0.052913
Add:            10040.4     0.065266     0.062661     0.066976
Triad:          10597.5     0.061101     0.059367     0.062577
-------------------------------------------------------------
Solution Validates: avg error less than 1.000000e-13 on all three arrays
-------------------------------------------------------------



--- run 3 ---
-------------------------------------------------------------
STREAM (dynamic) version — custom malloc-based implementation
-------------------------------------------------------------
This system uses 8 bytes per array element.
-------------------------------------------------------------
Array size = 26214400 (elements), Offset = 0 (elements)
Memory per array = 200.0 MiB (= 0.2 GiB).
Total memory required = 600.0 MiB (= 0.6 GiB).
Each kernel will be executed 20 times.
-------------------------------------------------------------
Function    Best Rate MB/s  Avg time     Min time     Max time
Copy:           25256.2     0.016799     0.016607     0.017743
Scale:           8471.3     0.050852     0.049512     0.052189
Add:             9912.8     0.065826     0.063468     0.070137
Triad:          10909.6     0.060424     0.057669     0.065026
-------------------------------------------------------------
Solution Validates: avg error less than 1.000000e-13 on all three arrays
-------------------------------------------------------------



--- run 4 ---
-------------------------------------------------------------
STREAM (dynamic) version — custom malloc-based implementation
-------------------------------------------------------------
This system uses 8 bytes per array element.
-------------------------------------------------------------
Array size = 26214400 (elements), Offset = 0 (elements)
Memory per array = 200.0 MiB (= 0.2 GiB).
Total memory required = 600.0 MiB (= 0.6 GiB).
Each kernel will be executed 20 times.
-------------------------------------------------------------
Function    Best Rate MB/s  Avg time     Min time     Max time
Copy:           25226.1     0.016776     0.016627     0.017510
Scale:           8585.2     0.051141     0.048855     0.053872
Add:            10093.2     0.065368     0.062334     0.069817
Triad:          10749.8     0.061621     0.058526     0.065331
-------------------------------------------------------------
Solution Validates: avg error less than 1.000000e-13 on all three arrays
-------------------------------------------------------------



--- run 5 ---
-------------------------------------------------------------
STREAM (dynamic) version — custom malloc-based implementation
-------------------------------------------------------------
This system uses 8 bytes per array element.
-------------------------------------------------------------
Array size = 26214400 (elements), Offset = 0 (elements)
Memory per array = 200.0 MiB (= 0.2 GiB).
Total memory required = 600.0 MiB (= 0.6 GiB).
Each kernel will be executed 20 times.
-------------------------------------------------------------
Function    Best Rate MB/s  Avg time     Min time     Max time
Copy:           25256.2     0.016818     0.016607     0.018168
Scale:           8971.4     0.050837     0.046752     0.052656
Add:            10184.5     0.065551     0.061775     0.068780
Triad:          10816.6     0.061488     0.058165     0.065924
-------------------------------------------------------------
Solution Validates: avg error less than 1.000000e-13 on all three arrays
-------------------------------------------------------------



--- run 1 ---
-------------------------------------------------------------
STREAM (dynamic) version — custom malloc-based implementation
-------------------------------------------------------------
This system uses 8 bytes per array element.
-------------------------------------------------------------
Array size = 26214400 (elements), Offset = 0 (elements)
Memory per array = 200.0 MiB (= 0.2 GiB).
Total memory required = 600.0 MiB (= 0.6 GiB).
Each kernel will be executed 20 times.
-------------------------------------------------------------
Function    Best Rate MB/s  Avg time     Min time     Max time
Copy:           21478.5     0.019784     0.019528     0.020881
Scale:          20975.5     0.020327     0.019996     0.021314
Add:            16358.0     0.039677     0.038461     0.042452
Triad:          19279.5     0.037090     0.032633     0.039734
-------------------------------------------------------------
Solution Validates: avg error less than 1.000000e-13 on all three arrays
-------------------------------------------------------------



--- run 2 ---
-------------------------------------------------------------
STREAM (dynamic) version — custom malloc-based implementation
-------------------------------------------------------------
This system uses 8 bytes per array element.
-------------------------------------------------------------
Array size = 26214400 (elements), Offset = 0 (elements)
Memory per array = 200.0 MiB (= 0.2 GiB).
Total memory required = 600.0 MiB (= 0.6 GiB).
Each kernel will be executed 20 times.
-------------------------------------------------------------
Function    Best Rate MB/s  Avg time     Min time     Max time
Copy:           21158.7     0.020086     0.019823     0.021352
Scale:          20690.1     0.020593     0.020272     0.021919
Add:            16396.9     0.039532     0.038370     0.040955
Triad:          17010.9     0.037765     0.036985     0.040043
-------------------------------------------------------------
Solution Validates: avg error less than 1.000000e-13 on all three arrays
-------------------------------------------------------------



--- run 3 ---
-------------------------------------------------------------
STREAM (dynamic) version — custom malloc-based implementation
-------------------------------------------------------------
This system uses 8 bytes per array element.
-------------------------------------------------------------
Array size = 26214400 (elements), Offset = 0 (elements)
Memory per array = 200.0 MiB (= 0.2 GiB).
Total memory required = 600.0 MiB (= 0.6 GiB).
Each kernel will be executed 20 times.
-------------------------------------------------------------
Function    Best Rate MB/s  Avg time     Min time     Max time
Copy:           20958.0     0.020231     0.020013     0.020925
Scale:          20519.0     0.020845     0.020441     0.022340
Add:            16336.8     0.040212     0.038511     0.042251
Triad:          16874.5     0.038274     0.037284     0.040052
-------------------------------------------------------------
Solution Validates: avg error less than 1.000000e-13 on all three arrays
-------------------------------------------------------------



--- run 4 ---
-------------------------------------------------------------
STREAM (dynamic) version — custom malloc-based implementation
-------------------------------------------------------------
This system uses 8 bytes per array element.
-------------------------------------------------------------
Array size = 26214400 (elements), Offset = 0 (elements)
Memory per array = 200.0 MiB (= 0.2 GiB).
Total memory required = 600.0 MiB (= 0.6 GiB).
Each kernel will be executed 20 times.
-------------------------------------------------------------
Function    Best Rate MB/s  Avg time     Min time     Max time
Copy:           21071.5     0.020146     0.019905     0.020801
Scale:          20578.5     0.021100     0.020382     0.025739
Add:            16456.4     0.040057     0.038231     0.042220
Triad:          17111.7     0.037939     0.036767     0.039578
-------------------------------------------------------------
Solution Validates: avg error less than 1.000000e-13 on all three arrays
-------------------------------------------------------------



--- run 5 ---
-------------------------------------------------------------
STREAM (dynamic) version — custom malloc-based implementation
-------------------------------------------------------------
This system uses 8 bytes per array element.
-------------------------------------------------------------
Array size = 26214400 (elements), Offset = 0 (elements)
Memory per array = 200.0 MiB (= 0.2 GiB).
Total memory required = 600.0 MiB (= 0.6 GiB).
Each kernel will be executed 20 times.
-------------------------------------------------------------
Function    Best Rate MB/s  Avg time     Min time     Max time
Copy:           21020.9     0.020204     0.019953     0.021030
Scale:          20614.0     0.020653     0.020347     0.021719
Add:            16187.5     0.040162     0.038866     0.042451
Triad:          17066.6     0.038133     0.036864     0.040324
-------------------------------------------------------------
Solution Validates: avg error less than 1.000000e-13 on all three arrays
-------------------------------------------------------------


