--- run 1 ---
-------------------------------------------------------------
STREAM (dynamic) version — custom malloc-based implementation
-------------------------------------------------------------
This system uses 8 bytes per array element.
-------------------------------------------------------------
Array size = 26214400 (elements), Offset = 0 (elements)
Memory per array = 200.0 MiB (= 0.2 GiB).
Total memory required = 600.0 MiB (= 0.6 GiB).
Each kernel will be executed 20 times.
-------------------------------------------------------------
Function    Best Rate MB/s  Avg time     Min time     Max time
Copy:           12380.2     0.035880     0.033879     0.040054
Scale:          11514.0     0.036778     0.036428     0.039365
Add:            10157.7     0.065836     0.061938     0.072269
Triad:          10227.5     0.066162     0.061515     0.073982
-------------------------------------------------------------
Solution Validates: avg error less than 1.000000e-13 on all three arrays
-------------------------------------------------------------



--- run 2 ---
-------------------------------------------------------------
STREAM (dynamic) version — custom malloc-based implementation
-------------------------------------------------------------
This system uses 8 bytes per array element.
-------------------------------------------------------------
Array size = 26214400 (elements), Offset = 0 (elements)
Memory per array = 200.0 MiB (= 0.2 GiB).
Total memory required = 600.0 MiB (= 0.6 GiB).
Each kernel will be executed 20 times.
-------------------------------------------------------------
Function    Best Rate MB/s  Avg time     Min time     Max time
Copy:           12405.9     0.036347     0.033809     0.041471
Scale:          11486.5     0.036837     0.036515     0.038317
Add:            10145.9     0.064883     0.062010     0.069941
Triad:          10199.7     0.065160     0.061683     0.072907
-------------------------------------------------------------
Solution Validates: avg error less than 1.000000e-13 on all three arrays
-------------------------------------------------------------



--- run 3 ---
-------------------------------------------------------------
STREAM (dynamic) version — custom malloc-based implementation
-------------------------------------------------------------
This system uses 8 bytes per array element.
-------------------------------------------------------------
Array size = 26214400 (elements), Offset = 0 (elements)
Memory per array = 200.0 MiB (= 0.2 GiB).
Total memory required = 600.0 MiB (= 0.6 GiB).
Each kernel will be executed 20 times.
-------------------------------------------------------------
Function    Best Rate MB/s  Avg time     Min time     Max time
Copy:           12429.0     0.036836     0.033746     0.041746
Scale:          11477.5     0.037341     0.036544     0.047275
Add:            10142.0     0.065882     0.062034     0.071402
Triad:          10171.6     0.066090     0.061853     0.073746
-------------------------------------------------------------
Solution Validates: avg error less than 1.000000e-13 on all three arrays
-------------------------------------------------------------



--- run 4 ---
-------------------------------------------------------------
STREAM (dynamic) version — custom malloc-based implementation
-------------------------------------------------------------
This system uses 8 bytes per array element.
-------------------------------------------------------------
Array size = 26214400 (elements), Offset = 0 (elements)
Memory per array = 200.0 MiB (= 0.2 GiB).
Total memory required = 600.0 MiB (= 0.6 GiB).
Each kernel will be executed 20 times.
-------------------------------------------------------------
Function    Best Rate MB/s  Avg time     Min time     Max time
Copy:           12490.5     0.035499     0.033580     0.040038
Scale:          11484.9     0.036811     0.036520     0.038547
Add:            10144.1     0.064892     0.062021     0.073165
Triad:          10192.9     0.064669     0.061724     0.074055
-------------------------------------------------------------
Solution Validates: avg error less than 1.000000e-13 on all three arrays
-------------------------------------------------------------



--- run 5 ---
-------------------------------------------------------------
STREAM (dynamic) version — custom malloc-based implementation
-------------------------------------------------------------
This system uses 8 bytes per array element.
-------------------------------------------------------------
Array size = 26214400 (elements), Offset = 0 (elements)
Memory per array = 200.0 MiB (= 0.2 GiB).
Total memory required = 600.0 MiB (= 0.6 GiB).
Each kernel will be executed 20 times.
-------------------------------------------------------------
Function    Best Rate MB/s  Avg time     Min time     Max time
Copy:           12360.8     0.036829     0.033932     0.041628
Scale:          11484.6     0.036860     0.036521     0.038344
Add:            10147.3     0.065891     0.062001     0.073743
Triad:          10190.9     0.066319     0.061736     0.074010
-------------------------------------------------------------
Solution Validates: avg error less than 1.000000e-13 on all three arrays
-------------------------------------------------------------



--- run 1 ---
-------------------------------------------------------------
STREAM (dynamic) version — custom malloc-based implementation
-------------------------------------------------------------
This system uses 8 bytes per array element.
-------------------------------------------------------------
Array size = 26214400 (elements), Offset = 0 (elements)
Memory per array = 200.0 MiB (= 0.2 GiB).
Total memory required = 600.0 MiB (= 0.6 GiB).
Each kernel will be executed 20 times.
-------------------------------------------------------------
Function    Best Rate MB/s  Avg time     Min time     Max time
Copy:           13405.8     0.032715     0.031287     0.033878
Scale:          13587.4     0.032611     0.030869     0.037556
Add:            12374.3     0.052342     0.050843     0.055673
Triad:          12406.0     0.052325     0.050713     0.055515
-------------------------------------------------------------
Solution Validates: avg error less than 1.000000e-13 on all three arrays
-------------------------------------------------------------



--- run 2 ---
-------------------------------------------------------------
STREAM (dynamic) version — custom malloc-based implementation
-------------------------------------------------------------
This system uses 8 bytes per array element.
-------------------------------------------------------------
Array size = 26214400 (elements), Offset = 0 (elements)
Memory per array = 200.0 MiB (= 0.2 GiB).
Total memory required = 600.0 MiB (= 0.6 GiB).
Each kernel will be executed 20 times.
-------------------------------------------------------------
Function    Best Rate MB/s  Avg time     Min time     Max time
Copy:           13567.2     0.032234     0.030915     0.035015
Scale:          13554.0     0.032000     0.030945     0.034813
Add:            12387.7     0.051831     0.050788     0.055009
Triad:          12412.6     0.051858     0.050686     0.054925
-------------------------------------------------------------
Solution Validates: avg error less than 1.000000e-13 on all three arrays
-------------------------------------------------------------



--- run 3 ---
-------------------------------------------------------------
STREAM (dynamic) version — custom malloc-based implementation
-------------------------------------------------------------
This system uses 8 bytes per array element.
-------------------------------------------------------------
Array size = 26214400 (elements), Offset = 0 (elements)
Memory per array = 200.0 MiB (= 0.2 GiB).
Total memory required = 600.0 MiB (= 0.6 GiB).
Each kernel will be executed 20 times.
-------------------------------------------------------------
Function    Best Rate MB/s  Avg time     Min time     Max time
Copy:           13424.7     0.032302     0.031243     0.034546
Scale:          13652.9     0.031754     0.030721     0.032668
Add:            12379.2     0.051790     0.050823     0.055606
Triad:          12401.6     0.051730     0.050731     0.055564
-------------------------------------------------------------
Solution Validates: avg error less than 1.000000e-13 on all three arrays
-------------------------------------------------------------



--- run 4 ---
-------------------------------------------------------------
STREAM (dynamic) version — custom malloc-based implementation
-------------------------------------------------------------
This system uses 8 bytes per array element.
-------------------------------------------------------------
Array size = 26214400 (elements), Offset = 0 (elements)
Memory per array = 200.0 MiB (= 0.2 GiB).
Total memory required = 600.0 MiB (= 0.6 GiB).
Each kernel will be executed 20 times.
-------------------------------------------------------------
Function    Best Rate MB/s  Avg time     Min time     Max time
Copy:           13564.6     0.032268     0.030921     0.034085
Scale:          13670.6     0.031894     0.030681     0.035938
Add:            12387.7     0.051785     0.050788     0.055189
Triad:          12392.1     0.051811     0.050770     0.055771
-------------------------------------------------------------
Solution Validates: avg error less than 1.000000e-13 on all three arrays
-------------------------------------------------------------



--- run 5 ---
-------------------------------------------------------------
STREAM (dynamic) version — custom malloc-based implementation
-------------------------------------------------------------
This system uses 8 bytes per array element.
-------------------------------------------------------------
Array size = 26214400 (elements), Offset = 0 (elements)
Memory per array = 200.0 MiB (= 0.2 GiB).
Total memory required = 600.0 MiB (= 0.6 GiB).
Each kernel will be executed 20 times.
-------------------------------------------------------------
Function    Best Rate MB/s  Avg time     Min time     Max time
Copy:           13475.2     0.032349     0.031126     0.034607
Scale:          13729.7     0.031798     0.030549     0.035953
Add:            12377.9     0.051764     0.050828     0.054117
Triad:          12396.0     0.052117     0.050754     0.055295
-------------------------------------------------------------
Solution Validates: avg error less than 1.000000e-13 on all three arrays
-------------------------------------------------------------



--- run 1 ---
-------------------------------------------------------------
STREAM (dynamic) version — custom malloc-based implementation
-------------------------------------------------------------
This system uses 8 bytes per array element.
-------------------------------------------------------------
Array size = 26214400 (elements), Offset = 0 (elements)
Memory per array = 200.0 MiB (= 0.2 GiB).
Total memory required = 600.0 MiB (= 0.6 GiB).
Each kernel will be executed 20 times.
-------------------------------------------------------------
Function    Best Rate MB/s  Avg time     Min time     Max time
Copy:           14847.1     0.028448     0.028250     0.029670
Scale:          14881.4     0.028362     0.028185     0.029749
Add:            14271.2     0.045151     0.044085     0.047453
Triad:          14254.4     0.045082     0.044137     0.049058
-------------------------------------------------------------
Solution Validates: avg error less than 1.000000e-13 on all three arrays
-------------------------------------------------------------



--- run 2 ---
-------------------------------------------------------------
STREAM (dynamic) version — custom malloc-based implementation
-------------------------------------------------------------
This system uses 8 bytes per array element.
-------------------------------------------------------------
Array size = 26214400 (elements), Offset = 0 (elements)
Memory per array = 200.0 MiB (= 0.2 GiB).
Total memory required = 600.0 MiB (= 0.6 GiB).
Each kernel will be executed 20 times.
-------------------------------------------------------------
Function    Best Rate MB/s  Avg time     Min time     Max time
Copy:           14861.3     0.028396     0.028223     0.029905
Scale:          14870.8     0.028426     0.028205     0.029722
Add:            14231.2     0.044771     0.044209     0.046606
Triad:          14324.8     0.044691     0.043920     0.046332
-------------------------------------------------------------
Solution Validates: avg error less than 1.000000e-13 on all three arrays
-------------------------------------------------------------



--- run 3 ---
-------------------------------------------------------------
STREAM (dynamic) version — custom malloc-based implementation
-------------------------------------------------------------
This system uses 8 bytes per array element.
-------------------------------------------------------------
Array size = 26214400 (elements), Offset = 0 (elements)
Memory per array = 200.0 MiB (= 0.2 GiB).
Total memory required = 600.0 MiB (= 0.6 GiB).
Each kernel will be executed 20 times.
-------------------------------------------------------------
Function    Best Rate MB/s  Avg time     Min time     Max time
Copy:           14901.9     0.028289     0.028146     0.029506
Scale:          14881.3     0.028407     0.028185     0.030257
Add:            14196.8     0.045407     0.044316     0.049518
Triad:          14209.3     0.045139     0.044277     0.047856
-------------------------------------------------------------
Solution Validates: avg error less than 1.000000e-13 on all three arrays
-------------------------------------------------------------



--- run 4 ---
-------------------------------------------------------------
STREAM (dynamic) version — custom malloc-based implementation
-------------------------------------------------------------
This system uses 8 bytes per array element.
-------------------------------------------------------------
Array size = 26214400 (elements), Offset = 0 (elements)
Memory per array = 200.0 MiB (= 0.2 GiB).
Total memory required = 600.0 MiB (= 0.6 GiB).
Each kernel will be executed 20 times.
-------------------------------------------------------------
Function    Best Rate MB/s  Avg time     Min time     Max time
Copy:           14886.1     0.028395     0.028176     0.030437
Scale:          14926.8     0.028398     0.028099     0.030204
Add:            14349.6     0.044841     0.043844     0.046843
Triad:          14253.7     0.044963     0.044139     0.048429
-------------------------------------------------------------
Solution Validates: avg error less than 1.000000e-13 on all three arrays
-------------------------------------------------------------



--- run 5 ---
-------------------------------------------------------------
STREAM (dynamic) version — custom malloc-based implementation
-------------------------------------------------------------
This system uses 8 bytes per array element.
-------------------------------------------------------------
Array size = 26214400 (elements), Offset = 0 (elements)
Memory per array = 200.0 MiB (= 0.2 GiB).
Total memory required = 600.0 MiB (= 0.6 GiB).
Each kernel will be executed 20 times.
-------------------------------------------------------------
Function    Best Rate MB/s  Avg time     Min time     Max time
Copy:           14828.2     0.028497     0.028286     0.029971
Scale:          14854.5     0.028367     0.028236     0.029496
Add:            14210.9     0.045051     0.044272     0.048712
Triad:          14379.5     0.045078     0.043753     0.050531
-------------------------------------------------------------
Solution Validates: avg error less than 1.000000e-13 on all three arrays
-------------------------------------------------------------



--- run 1 ---
-------------------------------------------------------------
STREAM (dynamic) version — custom malloc-based implementation
-------------------------------------------------------------
This system uses 8 bytes per array element.
-------------------------------------------------------------
Array size = 26214400 (elements), Offset = 0 (elements)
Memory per array = 200.0 MiB (= 0.2 GiB).
Total memory required = 600.0 MiB (= 0.6 GiB).
Each kernel will be executed 20 times.
-------------------------------------------------------------
Function    Best Rate MB/s  Avg time     Min time     Max time
Copy:           18362.1     0.023450     0.022842     0.027136
Scale:          18386.5     0.023382     0.022812     0.026721
Add:            18032.3     0.035502     0.034890     0.038850
Triad:          18176.0     0.035368     0.034614     0.040099
-------------------------------------------------------------
Solution Validates: avg error less than 1.000000e-13 on all three arrays
-------------------------------------------------------------



--- run 2 ---
-------------------------------------------------------------
STREAM (dynamic) version — custom malloc-based implementation
-------------------------------------------------------------
This system uses 8 bytes per array element.
-------------------------------------------------------------
Array size = 26214400 (elements), Offset = 0 (elements)
Memory per array = 200.0 MiB (= 0.2 GiB).
Total memory required = 600.0 MiB (= 0.6 GiB).
Each kernel will be executed 20 times.
-------------------------------------------------------------
Function    Best Rate MB/s  Avg time     Min time     Max time
Copy:           18313.4     0.023310     0.022903     0.025068
Scale:          18298.3     0.023305     0.022922     0.025464
Add:            17910.6     0.035949     0.035127     0.044244
Triad:          18063.9     0.035681     0.034829     0.040139
-------------------------------------------------------------
Solution Validates: avg error less than 1.000000e-13 on all three arrays
-------------------------------------------------------------



--- run 3 ---
-------------------------------------------------------------
STREAM (dynamic) version — custom malloc-based implementation
-------------------------------------------------------------
This system uses 8 bytes per array element.
-------------------------------------------------------------
Array size = 26214400 (elements), Offset = 0 (elements)
Memory per array = 200.0 MiB (= 0.2 GiB).
Total memory required = 600.0 MiB (= 0.6 GiB).
Each kernel will be executed 20 times.
-------------------------------------------------------------
Function    Best Rate MB/s  Avg time     Min time     Max time
Copy:           18218.7     0.023352     0.023022     0.025495
Scale:          18187.1     0.023447     0.023062     0.026117
Add:            17752.9     0.036124     0.035439     0.040907
Triad:          17842.0     0.035891     0.035262     0.039989
-------------------------------------------------------------
Solution Validates: avg error less than 1.000000e-13 on all three arrays
-------------------------------------------------------------



--- run 4 ---
-------------------------------------------------------------
STREAM (dynamic) version — custom malloc-based implementation
-------------------------------------------------------------
This system uses 8 bytes per array element.
-------------------------------------------------------------
Array size = 26214400 (elements), Offset = 0 (elements)
Memory per array = 200.0 MiB (= 0.2 GiB).
Total memory required = 600.0 MiB (= 0.6 GiB).
Each kernel will be executed 20 times.
-------------------------------------------------------------
Function    Best Rate MB/s  Avg time     Min time     Max time
Copy:           18221.7     0.023351     0.023018     0.025790
Scale:          18188.6     0.023615     0.023060     0.028427
Add:            17692.0     0.036533     0.035561     0.041589
Triad:          17916.7     0.036098     0.035115     0.039287
-------------------------------------------------------------
Solution Validates: avg error less than 1.000000e-13 on all three arrays
-------------------------------------------------------------



--- run 5 ---
-------------------------------------------------------------
STREAM (dynamic) version — custom malloc-based implementation
-------------------------------------------------------------
This system uses 8 bytes per array element.
-------------------------------------------------------------
Array size = 26214400 (elements), Offset = 0 (elements)
Memory per array = 200.0 MiB (= 0.2 GiB).
Total memory required = 600.0 MiB (= 0.6 GiB).
Each kernel will be executed 20 times.
-------------------------------------------------------------
Function    Best Rate MB/s  Avg time     Min time     Max time
Copy:           18221.2     0.023565     0.023019     0.029201
Scale:          18244.8     0.023497     0.022989     0.026817
Add:            17718.9     0.036164     0.035507     0.040361
Triad:          17721.4     0.036152     0.035502     0.041562
-------------------------------------------------------------
Solution Validates: avg error less than 1.000000e-13 on all three arrays
-------------------------------------------------------------


