--- run 1 ---
-------------------------------------------------------------
STREAM (dynamic) version — custom malloc-based implementation
-------------------------------------------------------------
This system uses 8 bytes per array element.
-------------------------------------------------------------
Array size = 26214400 (elements), Offset = 0 (elements)
Memory per array = 200.0 MiB (= 0.2 GiB).
Total memory required = 600.0 MiB (= 0.6 GiB).
Each kernel will be executed 20 times.
-------------------------------------------------------------
Function    Best Rate MB/s  Avg time     Min time     Max time
Copy:           12270.5     0.036407     0.034182     0.039932
Scale:          11505.5     0.037623     0.036455     0.048528
Add:            10074.6     0.065776     0.062449     0.074050
Triad:          10142.9     0.066542     0.062028     0.077905
-------------------------------------------------------------
Solution Validates: avg error less than 1.000000e-13 on all three arrays
-------------------------------------------------------------



--- run 2 ---
-------------------------------------------------------------
STREAM (dynamic) version — custom malloc-based implementation
-------------------------------------------------------------
This system uses 8 bytes per array element.
-------------------------------------------------------------
Array size = 26214400 (elements), Offset = 0 (elements)
Memory per array = 200.0 MiB (= 0.2 GiB).
Total memory required = 600.0 MiB (= 0.6 GiB).
Each kernel will be executed 20 times.
-------------------------------------------------------------
Function    Best Rate MB/s  Avg time     Min time     Max time
Copy:           12133.1     0.039767     0.034569     0.061998
Scale:          11473.9     0.037925     0.036555     0.053481
Add:            10025.4     0.067767     0.062755     0.070821
Triad:          10082.6     0.069977     0.062399     0.075689
-------------------------------------------------------------
Solution Validates: avg error less than 1.000000e-13 on all three arrays
-------------------------------------------------------------



--- run 3 ---
-------------------------------------------------------------
STREAM (dynamic) version — custom malloc-based implementation
-------------------------------------------------------------
This system uses 8 bytes per array element.
-------------------------------------------------------------
Array size = 26214400 (elements), Offset = 0 (elements)
Memory per array = 200.0 MiB (= 0.2 GiB).
Total memory required = 600.0 MiB (= 0.6 GiB).
Each kernel will be executed 20 times.
-------------------------------------------------------------
Function    Best Rate MB/s  Avg time     Min time     Max time
Copy:           12426.8     0.037467     0.033752     0.041014
Scale:          11482.1     0.037082     0.036529     0.038940
Add:            10028.5     0.068898     0.062736     0.074217
Triad:          10051.4     0.068473     0.062593     0.071885
-------------------------------------------------------------
Solution Validates: avg error less than 1.000000e-13 on all three arrays
-------------------------------------------------------------



--- run 4 ---
-------------------------------------------------------------
STREAM (dynamic) version — custom malloc-based implementation
-------------------------------------------------------------
This system uses 8 bytes per array element.
-------------------------------------------------------------
Array size = 26214400 (elements), Offset = 0 (elements)
Memory per array = 200.0 MiB (= 0.2 GiB).
Total memory required = 600.0 MiB (= 0.6 GiB).
Each kernel will be executed 20 times.
-------------------------------------------------------------
Function    Best Rate MB/s  Avg time     Min time     Max time
Copy:           11973.8     0.039663     0.035029     0.059966
Scale:          11458.2     0.037981     0.036605     0.048198
Add:            10032.3     0.069241     0.062712     0.074207
Triad:          10065.3     0.069056     0.062506     0.073272
-------------------------------------------------------------
Solution Validates: avg error less than 1.000000e-13 on all three arrays
-------------------------------------------------------------



--- run 5 ---
-------------------------------------------------------------
STREAM (dynamic) version — custom malloc-based implementation
-------------------------------------------------------------
This system uses 8 bytes per array element.
-------------------------------------------------------------
Array size = 26214400 (elements), Offset = 0 (elements)
Memory per array = 200.0 MiB (= 0.2 GiB).
Total memory required = 600.0 MiB (= 0.6 GiB).
Each kernel will be executed 20 times.
-------------------------------------------------------------
Function    Best Rate MB/s  Avg time     Min time     Max time
Copy:           12393.8     0.037413     0.033842     0.045642
Scale:          11464.2     0.037064     0.036586     0.038607
Add:            10023.7     0.068322     0.062766     0.074660
Triad:          10071.9     0.068843     0.062465     0.075151
-------------------------------------------------------------
Solution Validates: avg error less than 1.000000e-13 on all three arrays
-------------------------------------------------------------



--- run 1 ---
-------------------------------------------------------------
STREAM (dynamic) version — custom malloc-based implementation
-------------------------------------------------------------
This system uses 8 bytes per array element.
-------------------------------------------------------------
Array size = 26214400 (elements), Offset = 0 (elements)
Memory per array = 200.0 MiB (= 0.2 GiB).
Total memory required = 600.0 MiB (= 0.6 GiB).
Each kernel will be executed 20 times.
-------------------------------------------------------------
Function    Best Rate MB/s  Avg time     Min time     Max time
Copy:           12231.2     0.035588     0.034292     0.037711
Scale:          12312.0     0.035736     0.034067     0.045853
Add:            10994.2     0.058939     0.057225     0.062569
Triad:          11024.3     0.058908     0.057069     0.062771
-------------------------------------------------------------
Solution Validates: avg error less than 1.000000e-13 on all three arrays
-------------------------------------------------------------



--- run 2 ---
-------------------------------------------------------------
STREAM (dynamic) version — custom malloc-based implementation
-------------------------------------------------------------
This system uses 8 bytes per array element.
-------------------------------------------------------------
Array size = 26214400 (elements), Offset = 0 (elements)
Memory per array = 200.0 MiB (= 0.2 GiB).
Total memory required = 600.0 MiB (= 0.6 GiB).
Each kernel will be executed 20 times.
-------------------------------------------------------------
Function    Best Rate MB/s  Avg time     Min time     Max time
Copy:           12188.4     0.035875     0.034412     0.037553
Scale:          12318.4     0.035809     0.034049     0.040099
Add:            11044.4     0.059001     0.056965     0.062359
Triad:          11053.1     0.058744     0.056920     0.062877
-------------------------------------------------------------
Solution Validates: avg error less than 1.000000e-13 on all three arrays
-------------------------------------------------------------



--- run 3 ---
-------------------------------------------------------------
STREAM (dynamic) version — custom malloc-based implementation
-------------------------------------------------------------
This system uses 8 bytes per array element.
-------------------------------------------------------------
Array size = 26214400 (elements), Offset = 0 (elements)
Memory per array = 200.0 MiB (= 0.2 GiB).
Total memory required = 600.0 MiB (= 0.6 GiB).
Each kernel will be executed 20 times.
-------------------------------------------------------------
Function    Best Rate MB/s  Avg time     Min time     Max time
Copy:           12222.7     0.035444     0.034316     0.036914
Scale:          12191.0     0.035895     0.034405     0.042200
Add:            11056.2     0.058589     0.056904     0.062190
Triad:          11075.9     0.058275     0.056803     0.061170
-------------------------------------------------------------
Solution Validates: avg error less than 1.000000e-13 on all three arrays
-------------------------------------------------------------



--- run 4 ---
-------------------------------------------------------------
STREAM (dynamic) version — custom malloc-based implementation
-------------------------------------------------------------
This system uses 8 bytes per array element.
-------------------------------------------------------------
Array size = 26214400 (elements), Offset = 0 (elements)
Memory per array = 200.0 MiB (= 0.2 GiB).
Total memory required = 600.0 MiB (= 0.6 GiB).
Each kernel will be executed 20 times.
-------------------------------------------------------------
Function    Best Rate MB/s  Avg time     Min time     Max time
Copy:           12296.4     0.035746     0.034110     0.036977
Scale:          12242.9     0.035466     0.034259     0.036575
Add:            11298.5     0.058971     0.055684     0.062028
Triad:          11068.1     0.058355     0.056843     0.060842
-------------------------------------------------------------
Solution Validates: avg error less than 1.000000e-13 on all three arrays
-------------------------------------------------------------



--- run 5 ---
-------------------------------------------------------------
STREAM (dynamic) version — custom malloc-based implementation
-------------------------------------------------------------
This system uses 8 bytes per array element.
-------------------------------------------------------------
Array size = 26214400 (elements), Offset = 0 (elements)
Memory per array = 200.0 MiB (= 0.2 GiB).
Total memory required = 600.0 MiB (= 0.6 GiB).
Each kernel will be executed 20 times.
-------------------------------------------------------------
Function    Best Rate MB/s  Avg time     Min time     Max time
Copy:           12263.7     0.035071     0.034201     0.036050
Scale:          12205.2     0.035256     0.034365     0.036734
Add:            11043.7     0.059086     0.056969     0.065963
Triad:          11042.1     0.058479     0.056977     0.062257
-------------------------------------------------------------
Solution Validates: avg error less than 1.000000e-13 on all three arrays
-------------------------------------------------------------



--- run 1 ---
-------------------------------------------------------------
STREAM (dynamic) version — custom malloc-based implementation
-------------------------------------------------------------
This system uses 8 bytes per array element.
-------------------------------------------------------------
Array size = 26214400 (elements), Offset = 0 (elements)
Memory per array = 200.0 MiB (= 0.2 GiB).
Total memory required = 600.0 MiB (= 0.6 GiB).
Each kernel will be executed 20 times.
-------------------------------------------------------------
Function    Best Rate MB/s  Avg time     Min time     Max time
Copy:           12877.9     0.033028     0.032570     0.035831
Scale:          12899.2     0.032914     0.032516     0.034272
Add:            12034.7     0.053511     0.052278     0.056158
Triad:          12070.4     0.053096     0.052123     0.055302
-------------------------------------------------------------
Solution Validates: avg error less than 1.000000e-13 on all three arrays
-------------------------------------------------------------



--- run 2 ---
-------------------------------------------------------------
STREAM (dynamic) version — custom malloc-based implementation
-------------------------------------------------------------
This system uses 8 bytes per array element.
-------------------------------------------------------------
Array size = 26214400 (elements), Offset = 0 (elements)
Memory per array = 200.0 MiB (= 0.2 GiB).
Total memory required = 600.0 MiB (= 0.6 GiB).
Each kernel will be executed 20 times.
-------------------------------------------------------------
Function    Best Rate MB/s  Avg time     Min time     Max time
Copy:           12885.7     0.033118     0.032550     0.034366
Scale:          12912.3     0.032873     0.032483     0.033709
Add:            12027.0     0.053184     0.052311     0.056229
Triad:          12442.8     0.052781     0.050563     0.054925
-------------------------------------------------------------
Solution Validates: avg error less than 1.000000e-13 on all three arrays
-------------------------------------------------------------



--- run 3 ---
-------------------------------------------------------------
STREAM (dynamic) version — custom malloc-based implementation
-------------------------------------------------------------
This system uses 8 bytes per array element.
-------------------------------------------------------------
Array size = 26214400 (elements), Offset = 0 (elements)
Memory per array = 200.0 MiB (= 0.2 GiB).
Total memory required = 600.0 MiB (= 0.6 GiB).
Each kernel will be executed 20 times.
-------------------------------------------------------------
Function    Best Rate MB/s  Avg time     Min time     Max time
Copy:           12846.6     0.033030     0.032649     0.034280
Scale:          12871.5     0.032992     0.032586     0.034796
Add:            11996.3     0.053609     0.052445     0.056701
Triad:          12020.1     0.053280     0.052341     0.055710
-------------------------------------------------------------
Solution Validates: avg error less than 1.000000e-13 on all three arrays
-------------------------------------------------------------



--- run 4 ---
-------------------------------------------------------------
STREAM (dynamic) version — custom malloc-based implementation
-------------------------------------------------------------
This system uses 8 bytes per array element.
-------------------------------------------------------------
Array size = 26214400 (elements), Offset = 0 (elements)
Memory per array = 200.0 MiB (= 0.2 GiB).
Total memory required = 600.0 MiB (= 0.6 GiB).
Each kernel will be executed 20 times.
-------------------------------------------------------------
Function    Best Rate MB/s  Avg time     Min time     Max time
Copy:           12853.7     0.033083     0.032631     0.034704
Scale:          12877.1     0.033059     0.032572     0.034588
Add:            12224.5     0.053460     0.051466     0.056204
Triad:          12724.9     0.053044     0.049442     0.055931
-------------------------------------------------------------
Solution Validates: avg error less than 1.000000e-13 on all three arrays
-------------------------------------------------------------



--- run 5 ---
-------------------------------------------------------------
STREAM (dynamic) version — custom malloc-based implementation
-------------------------------------------------------------
This system uses 8 bytes per array element.
-------------------------------------------------------------
Array size = 26214400 (elements), Offset = 0 (elements)
Memory per array = 200.0 MiB (= 0.2 GiB).
Total memory required = 600.0 MiB (= 0.6 GiB).
Each kernel will be executed 20 times.
-------------------------------------------------------------
Function    Best Rate MB/s  Avg time     Min time     Max time
Copy:           12849.8     0.033092     0.032641     0.034258
Scale:          12881.7     0.033142     0.032560     0.036480
Add:            11976.9     0.053744     0.052530     0.056147
Triad:          12053.5     0.053273     0.052196     0.056090
-------------------------------------------------------------
Solution Validates: avg error less than 1.000000e-13 on all three arrays
-------------------------------------------------------------



--- run 1 ---
-------------------------------------------------------------
STREAM (dynamic) version — custom malloc-based implementation
-------------------------------------------------------------
This system uses 8 bytes per array element.
-------------------------------------------------------------
Array size = 26214400 (elements), Offset = 0 (elements)
Memory per array = 200.0 MiB (= 0.2 GiB).
Total memory required = 600.0 MiB (= 0.6 GiB).
Each kernel will be executed 20 times.
-------------------------------------------------------------
Function    Best Rate MB/s  Avg time     Min time     Max time
Copy:           17427.5     0.024789     0.024067     0.028478
Scale:          17357.0     0.024807     0.024165     0.026904
Add:            16980.5     0.038040     0.037051     0.041351
Triad:          17046.4     0.037716     0.036908     0.039849
-------------------------------------------------------------
Solution Validates: avg error less than 1.000000e-13 on all three arrays
-------------------------------------------------------------



--- run 2 ---
-------------------------------------------------------------
STREAM (dynamic) version — custom malloc-based implementation
-------------------------------------------------------------
This system uses 8 bytes per array element.
-------------------------------------------------------------
Array size = 26214400 (elements), Offset = 0 (elements)
Memory per array = 200.0 MiB (= 0.2 GiB).
Total memory required = 600.0 MiB (= 0.6 GiB).
Each kernel will be executed 20 times.
-------------------------------------------------------------
Function    Best Rate MB/s  Avg time     Min time     Max time
Copy:           17386.5     0.024632     0.024124     0.027050
Scale:          17373.5     0.024615     0.024142     0.026468
Add:            17003.1     0.038013     0.037002     0.040046
Triad:          17042.6     0.037853     0.036916     0.042780
-------------------------------------------------------------
Solution Validates: avg error less than 1.000000e-13 on all three arrays
-------------------------------------------------------------



--- run 3 ---
-------------------------------------------------------------
STREAM (dynamic) version — custom malloc-based implementation
-------------------------------------------------------------
This system uses 8 bytes per array element.
-------------------------------------------------------------
Array size = 26214400 (elements), Offset = 0 (elements)
Memory per array = 200.0 MiB (= 0.2 GiB).
Total memory required = 600.0 MiB (= 0.6 GiB).
Each kernel will be executed 20 times.
-------------------------------------------------------------
Function    Best Rate MB/s  Avg time     Min time     Max time
Copy:           17456.7     0.024750     0.024027     0.027512
Scale:          17341.1     0.024637     0.024187     0.027734
Add:            16907.5     0.037912     0.037211     0.040642
Triad:          17063.4     0.037971     0.036871     0.041484
-------------------------------------------------------------
Solution Validates: avg error less than 1.000000e-13 on all three arrays
-------------------------------------------------------------



--- run 4 ---
-------------------------------------------------------------
STREAM (dynamic) version — custom malloc-based implementation
-------------------------------------------------------------
This system uses 8 bytes per array element.
-------------------------------------------------------------
Array size = 26214400 (elements), Offset = 0 (elements)
Memory per array = 200.0 MiB (= 0.2 GiB).
Total memory required = 600.0 MiB (= 0.6 GiB).
Each kernel will be executed 20 times.
-------------------------------------------------------------
Function    Best Rate MB/s  Avg time     Min time     Max time
Copy:           17586.9     0.024767     0.023849     0.027498
Scale:          17649.2     0.024699     0.023765     0.026648
Add:            17148.5     0.038183     0.036688     0.041332
Triad:          17304.7     0.037870     0.036357     0.041079
-------------------------------------------------------------
Solution Validates: avg error less than 1.000000e-13 on all three arrays
-------------------------------------------------------------



--- run 5 ---
-------------------------------------------------------------
STREAM (dynamic) version — custom malloc-based implementation
-------------------------------------------------------------
This system uses 8 bytes per array element.
-------------------------------------------------------------
Array size = 26214400 (elements), Offset = 0 (elements)
Memory per array = 200.0 MiB (= 0.2 GiB).
Total memory required = 600.0 MiB (= 0.6 GiB).
Each kernel will be executed 20 times.
-------------------------------------------------------------
Function    Best Rate MB/s  Avg time     Min time     Max time
Copy:           17373.6     0.024773     0.024142     0.026532
Scale:          17354.1     0.024693     0.024169     0.026850
Add:            16889.8     0.038208     0.037250     0.043114
Triad:          16982.0     0.038112     0.037048     0.041380
-------------------------------------------------------------
Solution Validates: avg error less than 1.000000e-13 on all three arrays
-------------------------------------------------------------


