--- run 1 ---
-------------------------------------------------------------
STREAM (dynamic) version — custom malloc-based implementation
-------------------------------------------------------------
This system uses 8 bytes per array element.
-------------------------------------------------------------
Array size = 26214400 (elements), Offset = 0 (elements)
Memory per array = 200.0 MiB (= 0.2 GiB).
Total memory required = 600.0 MiB (= 0.6 GiB).
Each kernel will be executed 20 times.
-------------------------------------------------------------
Function    Best Rate MB/s  Avg time     Min time     Max time
Copy:           12773.5     0.034636     0.032836     0.042478
Scale:          11499.8     0.037589     0.036473     0.043043
Add:            10352.2     0.063557     0.060774     0.069495
Triad:          10422.5     0.062719     0.060364     0.070946
-------------------------------------------------------------
Solution Validates: avg error less than 1.000000e-13 on all three arrays
-------------------------------------------------------------



--- run 2 ---
-------------------------------------------------------------
STREAM (dynamic) version — custom malloc-based implementation
-------------------------------------------------------------
This system uses 8 bytes per array element.
-------------------------------------------------------------
Array size = 26214400 (elements), Offset = 0 (elements)
Memory per array = 200.0 MiB (= 0.2 GiB).
Total memory required = 600.0 MiB (= 0.6 GiB).
Each kernel will be executed 20 times.
-------------------------------------------------------------
Function    Best Rate MB/s  Avg time     Min time     Max time
Copy:           12657.1     0.035696     0.033138     0.045835
Scale:          11496.6     0.037479     0.036483     0.042289
Add:            10192.7     0.063903     0.061725     0.075967
Triad:          10285.3     0.064569     0.061169     0.075728
-------------------------------------------------------------
Solution Validates: avg error less than 1.000000e-13 on all three arrays
-------------------------------------------------------------



--- run 3 ---
-------------------------------------------------------------
STREAM (dynamic) version — custom malloc-based implementation
-------------------------------------------------------------
This system uses 8 bytes per array element.
-------------------------------------------------------------
Array size = 26214400 (elements), Offset = 0 (elements)
Memory per array = 200.0 MiB (= 0.2 GiB).
Total memory required = 600.0 MiB (= 0.6 GiB).
Each kernel will be executed 20 times.
-------------------------------------------------------------
Function    Best Rate MB/s  Avg time     Min time     Max time
Copy:           12514.7     0.039161     0.033515     0.051951
Scale:          11461.8     0.039661     0.036594     0.051290
Add:            10097.3     0.068986     0.062308     0.078142
Triad:          10130.9     0.070801     0.062102     0.079219
-------------------------------------------------------------
Solution Validates: avg error less than 1.000000e-13 on all three arrays
-------------------------------------------------------------



--- run 4 ---
-------------------------------------------------------------
STREAM (dynamic) version — custom malloc-based implementation
-------------------------------------------------------------
This system uses 8 bytes per array element.
-------------------------------------------------------------
Array size = 26214400 (elements), Offset = 0 (elements)
Memory per array = 200.0 MiB (= 0.2 GiB).
Total memory required = 600.0 MiB (= 0.6 GiB).
Each kernel will be executed 20 times.
-------------------------------------------------------------
Function    Best Rate MB/s  Avg time     Min time     Max time
Copy:           12520.2     0.036145     0.033500     0.045174
Scale:          11496.0     0.038590     0.036485     0.059886
Add:            10090.7     0.066322     0.062349     0.075204
Triad:          10165.1     0.066947     0.061893     0.075383
-------------------------------------------------------------
Solution Validates: avg error less than 1.000000e-13 on all three arrays
-------------------------------------------------------------



--- run 5 ---
-------------------------------------------------------------
STREAM (dynamic) version — custom malloc-based implementation
-------------------------------------------------------------
This system uses 8 bytes per array element.
-------------------------------------------------------------
Array size = 26214400 (elements), Offset = 0 (elements)
Memory per array = 200.0 MiB (= 0.2 GiB).
Total memory required = 600.0 MiB (= 0.6 GiB).
Each kernel will be executed 20 times.
-------------------------------------------------------------
Function    Best Rate MB/s  Avg time     Min time     Max time
Copy:           12443.5     0.037692     0.033707     0.048572
Scale:          11503.5     0.038623     0.036461     0.061404
Add:            10056.0     0.066758     0.062564     0.073668
Triad:          10101.9     0.068877     0.062280     0.076186
-------------------------------------------------------------
Solution Validates: avg error less than 1.000000e-13 on all three arrays
-------------------------------------------------------------



--- run 1 ---
-------------------------------------------------------------
STREAM (dynamic) version — custom malloc-based implementation
-------------------------------------------------------------
This system uses 8 bytes per array element.
-------------------------------------------------------------
Array size = 26214400 (elements), Offset = 0 (elements)
Memory per array = 200.0 MiB (= 0.2 GiB).
Total memory required = 600.0 MiB (= 0.6 GiB).
Each kernel will be executed 20 times.
-------------------------------------------------------------
Function    Best Rate MB/s  Avg time     Min time     Max time
Copy:           13073.4     0.033171     0.032083     0.035851
Scale:          13401.2     0.032686     0.031298     0.038475
Add:            12192.2     0.052841     0.051602     0.056318
Triad:          12233.3     0.052938     0.051429     0.055712
-------------------------------------------------------------
Solution Validates: avg error less than 1.000000e-13 on all three arrays
-------------------------------------------------------------



--- run 2 ---
-------------------------------------------------------------
STREAM (dynamic) version — custom malloc-based implementation
-------------------------------------------------------------
This system uses 8 bytes per array element.
-------------------------------------------------------------
Array size = 26214400 (elements), Offset = 0 (elements)
Memory per array = 200.0 MiB (= 0.2 GiB).
Total memory required = 600.0 MiB (= 0.6 GiB).
Each kernel will be executed 20 times.
-------------------------------------------------------------
Function    Best Rate MB/s  Avg time     Min time     Max time
Copy:           13090.5     0.033054     0.032041     0.034753
Scale:          13379.8     0.033202     0.031348     0.038649
Add:            12197.5     0.053308     0.051580     0.055384
Triad:          12219.5     0.053627     0.051487     0.057194
-------------------------------------------------------------
Solution Validates: avg error less than 1.000000e-13 on all three arrays
-------------------------------------------------------------



--- run 3 ---
-------------------------------------------------------------
STREAM (dynamic) version — custom malloc-based implementation
-------------------------------------------------------------
This system uses 8 bytes per array element.
-------------------------------------------------------------
Array size = 26214400 (elements), Offset = 0 (elements)
Memory per array = 200.0 MiB (= 0.2 GiB).
Total memory required = 600.0 MiB (= 0.6 GiB).
Each kernel will be executed 20 times.
-------------------------------------------------------------
Function    Best Rate MB/s  Avg time     Min time     Max time
Copy:           13122.3     0.033361     0.031963     0.035227
Scale:          13335.1     0.033944     0.031453     0.039119
Add:            12156.5     0.053440     0.051754     0.056975
Triad:          12179.3     0.053516     0.051657     0.057322
-------------------------------------------------------------
Solution Validates: avg error less than 1.000000e-13 on all three arrays
-------------------------------------------------------------



--- run 4 ---
-------------------------------------------------------------
STREAM (dynamic) version — custom malloc-based implementation
-------------------------------------------------------------
This system uses 8 bytes per array element.
-------------------------------------------------------------
Array size = 26214400 (elements), Offset = 0 (elements)
Memory per array = 200.0 MiB (= 0.2 GiB).
Total memory required = 600.0 MiB (= 0.6 GiB).
Each kernel will be executed 20 times.
-------------------------------------------------------------
Function    Best Rate MB/s  Avg time     Min time     Max time
Copy:           13308.9     0.033003     0.031515     0.035084
Scale:          13332.6     0.033003     0.031459     0.038431
Add:            12159.5     0.053225     0.051741     0.057245
Triad:          12171.0     0.053274     0.051692     0.056802
-------------------------------------------------------------
Solution Validates: avg error less than 1.000000e-13 on all three arrays
-------------------------------------------------------------



--- run 5 ---
-------------------------------------------------------------
STREAM (dynamic) version — custom malloc-based implementation
-------------------------------------------------------------
This system uses 8 bytes per array element.
-------------------------------------------------------------
Array size = 26214400 (elements), Offset = 0 (elements)
Memory per array = 200.0 MiB (= 0.2 GiB).
Total memory required = 600.0 MiB (= 0.6 GiB).
Each kernel will be executed 20 times.
-------------------------------------------------------------
Function    Best Rate MB/s  Avg time     Min time     Max time
Copy:           13071.2     0.033577     0.032088     0.041643
Scale:          13271.4     0.033323     0.031604     0.044566
Add:            12137.0     0.053685     0.051837     0.057681
Triad:          12153.7     0.053557     0.051766     0.057295
-------------------------------------------------------------
Solution Validates: avg error less than 1.000000e-13 on all three arrays
-------------------------------------------------------------



--- run 1 ---
-------------------------------------------------------------
STREAM (dynamic) version — custom malloc-based implementation
-------------------------------------------------------------
This system uses 8 bytes per array element.
-------------------------------------------------------------
Array size = 26214400 (elements), Offset = 0 (elements)
Memory per array = 200.0 MiB (= 0.2 GiB).
Total memory required = 600.0 MiB (= 0.6 GiB).
Each kernel will be executed 20 times.
-------------------------------------------------------------
Function    Best Rate MB/s  Avg time     Min time     Max time
Copy:           14347.9     0.029530     0.029233     0.030713
Scale:          14363.1     0.029670     0.029202     0.031476
Add:            13761.5     0.047297     0.045718     0.051821
Triad:          13783.1     0.046954     0.045646     0.050908
-------------------------------------------------------------
Solution Validates: avg error less than 1.000000e-13 on all three arrays
-------------------------------------------------------------



--- run 2 ---
-------------------------------------------------------------
STREAM (dynamic) version — custom malloc-based implementation
-------------------------------------------------------------
This system uses 8 bytes per array element.
-------------------------------------------------------------
Array size = 26214400 (elements), Offset = 0 (elements)
Memory per array = 200.0 MiB (= 0.2 GiB).
Total memory required = 600.0 MiB (= 0.6 GiB).
Each kernel will be executed 20 times.
-------------------------------------------------------------
Function    Best Rate MB/s  Avg time     Min time     Max time
Copy:           14332.7     0.029826     0.029264     0.031038
Scale:          14342.9     0.029718     0.029243     0.030782
Add:            13708.4     0.047528     0.045895     0.051093
Triad:          13718.0     0.047949     0.045863     0.056251
-------------------------------------------------------------
Solution Validates: avg error less than 1.000000e-13 on all three arrays
-------------------------------------------------------------



--- run 3 ---
-------------------------------------------------------------
STREAM (dynamic) version — custom malloc-based implementation
-------------------------------------------------------------
This system uses 8 bytes per array element.
-------------------------------------------------------------
Array size = 26214400 (elements), Offset = 0 (elements)
Memory per array = 200.0 MiB (= 0.2 GiB).
Total memory required = 600.0 MiB (= 0.6 GiB).
Each kernel will be executed 20 times.
-------------------------------------------------------------
Function    Best Rate MB/s  Avg time     Min time     Max time
Copy:           14363.1     0.029590     0.029202     0.030969
Scale:          14371.4     0.029397     0.029185     0.030333
Add:            13570.3     0.047036     0.046362     0.051199
Triad:          13628.5     0.047402     0.046164     0.049367
-------------------------------------------------------------
Solution Validates: avg error less than 1.000000e-13 on all three arrays
-------------------------------------------------------------



--- run 4 ---
-------------------------------------------------------------
STREAM (dynamic) version — custom malloc-based implementation
-------------------------------------------------------------
This system uses 8 bytes per array element.
-------------------------------------------------------------
Array size = 26214400 (elements), Offset = 0 (elements)
Memory per array = 200.0 MiB (= 0.2 GiB).
Total memory required = 600.0 MiB (= 0.6 GiB).
Each kernel will be executed 20 times.
-------------------------------------------------------------
Function    Best Rate MB/s  Avg time     Min time     Max time
Copy:           14369.5     0.029775     0.029189     0.031331
Scale:          14361.7     0.029760     0.029205     0.031074
Add:            13700.9     0.046742     0.045920     0.049757
Triad:          13724.5     0.046852     0.045841     0.049923
-------------------------------------------------------------
Solution Validates: avg error less than 1.000000e-13 on all three arrays
-------------------------------------------------------------



--- run 5 ---
-------------------------------------------------------------
STREAM (dynamic) version — custom malloc-based implementation
-------------------------------------------------------------
This system uses 8 bytes per array element.
-------------------------------------------------------------
Array size = 26214400 (elements), Offset = 0 (elements)
Memory per array = 200.0 MiB (= 0.2 GiB).
Total memory required = 600.0 MiB (= 0.6 GiB).
Each kernel will be executed 20 times.
-------------------------------------------------------------
Function    Best Rate MB/s  Avg time     Min time     Max time
Copy:           14344.3     0.030044     0.029240     0.036770
Scale:          14337.0     0.029772     0.029255     0.031059
Add:            13742.2     0.046923     0.045782     0.049507
Triad:          13854.2     0.046403     0.045412     0.050907
-------------------------------------------------------------
Solution Validates: avg error less than 1.000000e-13 on all three arrays
-------------------------------------------------------------



--- run 1 ---
-------------------------------------------------------------
STREAM (dynamic) version — custom malloc-based implementation
-------------------------------------------------------------
This system uses 8 bytes per array element.
-------------------------------------------------------------
Array size = 26214400 (elements), Offset = 0 (elements)
Memory per array = 200.0 MiB (= 0.2 GiB).
Total memory required = 600.0 MiB (= 0.6 GiB).
Each kernel will be executed 20 times.
-------------------------------------------------------------
Function    Best Rate MB/s  Avg time     Min time     Max time
Copy:           17012.7     0.025810     0.024654     0.027169
Scale:          16575.8     0.025956     0.025304     0.027382
Add:            16871.8     0.038982     0.037290     0.043418
Triad:          16927.1     0.038938     0.037168     0.043578
-------------------------------------------------------------
Solution Validates: avg error less than 1.000000e-13 on all three arrays
-------------------------------------------------------------



--- run 2 ---
-------------------------------------------------------------
STREAM (dynamic) version — custom malloc-based implementation
-------------------------------------------------------------
This system uses 8 bytes per array element.
-------------------------------------------------------------
Array size = 26214400 (elements), Offset = 0 (elements)
Memory per array = 200.0 MiB (= 0.2 GiB).
Total memory required = 600.0 MiB (= 0.6 GiB).
Each kernel will be executed 20 times.
-------------------------------------------------------------
Function    Best Rate MB/s  Avg time     Min time     Max time
Copy:           17125.8     0.025673     0.024491     0.027775
Scale:          17056.3     0.025800     0.024591     0.026617
Add:            17239.7     0.038940     0.036494     0.044146
Triad:          17197.8     0.038193     0.036583     0.040815
-------------------------------------------------------------
Solution Validates: avg error less than 1.000000e-13 on all three arrays
-------------------------------------------------------------



--- run 3 ---
-------------------------------------------------------------
STREAM (dynamic) version — custom malloc-based implementation
-------------------------------------------------------------
This system uses 8 bytes per array element.
-------------------------------------------------------------
Array size = 26214400 (elements), Offset = 0 (elements)
Memory per array = 200.0 MiB (= 0.2 GiB).
Total memory required = 600.0 MiB (= 0.6 GiB).
Each kernel will be executed 20 times.
-------------------------------------------------------------
Function    Best Rate MB/s  Avg time     Min time     Max time
Copy:           16798.1     0.025915     0.024969     0.027035
Scale:          17148.2     0.025670     0.024459     0.027183
Add:            16719.3     0.039326     0.037630     0.042206
Triad:          16744.2     0.038950     0.037574     0.040395
-------------------------------------------------------------
Solution Validates: avg error less than 1.000000e-13 on all three arrays
-------------------------------------------------------------



--- run 4 ---
-------------------------------------------------------------
STREAM (dynamic) version — custom malloc-based implementation
-------------------------------------------------------------
This system uses 8 bytes per array element.
-------------------------------------------------------------
Array size = 26214400 (elements), Offset = 0 (elements)
Memory per array = 200.0 MiB (= 0.2 GiB).
Total memory required = 600.0 MiB (= 0.6 GiB).
Each kernel will be executed 20 times.
-------------------------------------------------------------
Function    Best Rate MB/s  Avg time     Min time     Max time
Copy:           16820.9     0.025817     0.024935     0.026905
Scale:          16584.8     0.026064     0.025290     0.028393
Add:            16594.4     0.039290     0.037913     0.042544
Triad:          16773.2     0.038982     0.037509     0.040543
-------------------------------------------------------------
Solution Validates: avg error less than 1.000000e-13 on all three arrays
-------------------------------------------------------------



--- run 5 ---
-------------------------------------------------------------
STREAM (dynamic) version — custom malloc-based implementation
-------------------------------------------------------------
This system uses 8 bytes per array element.
-------------------------------------------------------------
Array size = 26214400 (elements), Offset = 0 (elements)
Memory per array = 200.0 MiB (= 0.2 GiB).
Total memory required = 600.0 MiB (= 0.6 GiB).
Each kernel will be executed 20 times.
-------------------------------------------------------------
Function    Best Rate MB/s  Avg time     Min time     Max time
Copy:           16869.0     0.026034     0.024864     0.027906
Scale:          17168.8     0.025819     0.024430     0.028184
Add:            16480.1     0.040367     0.038176     0.045211
Triad:          16593.1     0.039537     0.037916     0.042697
-------------------------------------------------------------
Solution Validates: avg error less than 1.000000e-13 on all three arrays
-------------------------------------------------------------


