--- run 1 ---
-------------------------------------------------------------
STREAM (dynamic) version — custom malloc-based implementation
-------------------------------------------------------------
This system uses 4 bytes per array element.
-------------------------------------------------------------
Array size = 52428800 (elements), Offset = 0 (elements)
Memory per array = 200.0 MiB (= 0.2 GiB).
Total memory required = 600.0 MiB (= 0.6 GiB).
Each kernel will be executed 20 times.
-------------------------------------------------------------
Function    Best Rate MB/s  Avg time     Min time     Max time
Copy:           11937.7     0.037878     0.035135     0.044957
Scale:          11748.1     0.036669     0.035702     0.038745
Add:             9488.8     0.072029     0.066304     0.081322
Triad:           9561.9     0.072737     0.065797     0.078785
-------------------------------------------------------------
Solution Validates: avg error less than 1.000000e-06 on all three arrays
-------------------------------------------------------------



--- run 2 ---
-------------------------------------------------------------
STREAM (dynamic) version — custom malloc-based implementation
-------------------------------------------------------------
This system uses 4 bytes per array element.
-------------------------------------------------------------
Array size = 52428800 (elements), Offset = 0 (elements)
Memory per array = 200.0 MiB (= 0.2 GiB).
Total memory required = 600.0 MiB (= 0.6 GiB).
Each kernel will be executed 20 times.
-------------------------------------------------------------
Function    Best Rate MB/s  Avg time     Min time     Max time
Copy:           11831.6     0.039563     0.035450     0.044507
Scale:          11599.3     0.037956     0.036160     0.061258
Add:             9436.6     0.072206     0.066671     0.081046
Triad:           9476.1     0.072113     0.066393     0.080299
-------------------------------------------------------------
Solution Validates: avg error less than 1.000000e-06 on all three arrays
-------------------------------------------------------------



--- run 3 ---
-------------------------------------------------------------
STREAM (dynamic) version — custom malloc-based implementation
-------------------------------------------------------------
This system uses 4 bytes per array element.
-------------------------------------------------------------
Array size = 52428800 (elements), Offset = 0 (elements)
Memory per array = 200.0 MiB (= 0.2 GiB).
Total memory required = 600.0 MiB (= 0.6 GiB).
Each kernel will be executed 20 times.
-------------------------------------------------------------
Function    Best Rate MB/s  Avg time     Min time     Max time
Copy:           11833.3     0.039700     0.035445     0.051667
Scale:          11592.9     0.037296     0.036180     0.039784
Add:             9412.1     0.071207     0.066844     0.080512
Triad:           9446.8     0.072564     0.066599     0.081895
-------------------------------------------------------------
Solution Validates: avg error less than 1.000000e-06 on all three arrays
-------------------------------------------------------------



--- run 4 ---
-------------------------------------------------------------
STREAM (dynamic) version — custom malloc-based implementation
-------------------------------------------------------------
This system uses 4 bytes per array element.
-------------------------------------------------------------
Array size = 52428800 (elements), Offset = 0 (elements)
Memory per array = 200.0 MiB (= 0.2 GiB).
Total memory required = 600.0 MiB (= 0.6 GiB).
Each kernel will be executed 20 times.
-------------------------------------------------------------
Function    Best Rate MB/s  Avg time     Min time     Max time
Copy:           11856.4     0.039563     0.035376     0.045961
Scale:          11614.1     0.036876     0.036114     0.038897
Add:             9410.3     0.072253     0.066857     0.079471
Triad:           9454.1     0.072592     0.066547     0.080425
-------------------------------------------------------------
Solution Validates: avg error less than 1.000000e-06 on all three arrays
-------------------------------------------------------------



--- run 5 ---
-------------------------------------------------------------
STREAM (dynamic) version — custom malloc-based implementation
-------------------------------------------------------------
This system uses 4 bytes per array element.
-------------------------------------------------------------
Array size = 52428800 (elements), Offset = 0 (elements)
Memory per array = 200.0 MiB (= 0.2 GiB).
Total memory required = 600.0 MiB (= 0.6 GiB).
Each kernel will be executed 20 times.
-------------------------------------------------------------
Function    Best Rate MB/s  Avg time     Min time     Max time
Copy:           11859.7     0.039222     0.035366     0.044543
Scale:          11571.4     0.038014     0.036247     0.043802
Add:             9400.7     0.072559     0.066925     0.080149
Triad:           9494.7     0.072811     0.066263     0.081277
-------------------------------------------------------------
Solution Validates: avg error less than 1.000000e-06 on all three arrays
-------------------------------------------------------------



--- run 1 ---
-------------------------------------------------------------
STREAM (dynamic) version — custom malloc-based implementation
-------------------------------------------------------------
This system uses 4 bytes per array element.
-------------------------------------------------------------
Array size = 52428800 (elements), Offset = 0 (elements)
Memory per array = 200.0 MiB (= 0.2 GiB).
Total memory required = 600.0 MiB (= 0.6 GiB).
Each kernel will be executed 20 times.
-------------------------------------------------------------
Function    Best Rate MB/s  Avg time     Min time     Max time
Copy:           13016.9     0.033822     0.032222     0.036082
Scale:          12982.6     0.033981     0.032307     0.041608
Add:            12001.3     0.054771     0.052423     0.058065
Triad:          12036.7     0.054275     0.052269     0.057599
-------------------------------------------------------------
Solution Validates: avg error less than 1.000000e-06 on all three arrays
-------------------------------------------------------------



--- run 2 ---
-------------------------------------------------------------
STREAM (dynamic) version — custom malloc-based implementation
-------------------------------------------------------------
This system uses 4 bytes per array element.
-------------------------------------------------------------
Array size = 52428800 (elements), Offset = 0 (elements)
Memory per array = 200.0 MiB (= 0.2 GiB).
Total memory required = 600.0 MiB (= 0.6 GiB).
Each kernel will be executed 20 times.
-------------------------------------------------------------
Function    Best Rate MB/s  Avg time     Min time     Max time
Copy:           13069.3     0.033202     0.032093     0.034903
Scale:          13236.3     0.032837     0.031688     0.035464
Add:            12051.0     0.053076     0.052207     0.056362
Triad:          12063.5     0.053220     0.052153     0.057227
-------------------------------------------------------------
Solution Validates: avg error less than 1.000000e-06 on all three arrays
-------------------------------------------------------------



--- run 3 ---
-------------------------------------------------------------
STREAM (dynamic) version — custom malloc-based implementation
-------------------------------------------------------------
This system uses 4 bytes per array element.
-------------------------------------------------------------
Array size = 52428800 (elements), Offset = 0 (elements)
Memory per array = 200.0 MiB (= 0.2 GiB).
Total memory required = 600.0 MiB (= 0.6 GiB).
Each kernel will be executed 20 times.
-------------------------------------------------------------
Function    Best Rate MB/s  Avg time     Min time     Max time
Copy:           12971.4     0.033420     0.032335     0.037381
Scale:          13036.4     0.033664     0.032174     0.037664
Add:            12000.6     0.053899     0.052426     0.057179
Triad:          11972.8     0.054085     0.052548     0.057589
-------------------------------------------------------------
Solution Validates: avg error less than 1.000000e-06 on all three arrays
-------------------------------------------------------------



--- run 4 ---
-------------------------------------------------------------
STREAM (dynamic) version — custom malloc-based implementation
-------------------------------------------------------------
This system uses 4 bytes per array element.
-------------------------------------------------------------
Array size = 52428800 (elements), Offset = 0 (elements)
Memory per array = 200.0 MiB (= 0.2 GiB).
Total memory required = 600.0 MiB (= 0.6 GiB).
Each kernel will be executed 20 times.
-------------------------------------------------------------
Function    Best Rate MB/s  Avg time     Min time     Max time
Copy:           12993.9     0.033040     0.032279     0.034290
Scale:          13161.5     0.033245     0.031868     0.039057
Add:            12023.1     0.053702     0.052328     0.062286
Triad:          12054.9     0.053516     0.052190     0.057435
-------------------------------------------------------------
Solution Validates: avg error less than 1.000000e-06 on all three arrays
-------------------------------------------------------------



--- run 5 ---
-------------------------------------------------------------
STREAM (dynamic) version — custom malloc-based implementation
-------------------------------------------------------------
This system uses 4 bytes per array element.
-------------------------------------------------------------
Array size = 52428800 (elements), Offset = 0 (elements)
Memory per array = 200.0 MiB (= 0.2 GiB).
Total memory required = 600.0 MiB (= 0.6 GiB).
Each kernel will be executed 20 times.
-------------------------------------------------------------
Function    Best Rate MB/s  Avg time     Min time     Max time
Copy:           13009.3     0.033445     0.032241     0.038366
Scale:          13235.9     0.032927     0.031689     0.038899
Add:            12010.1     0.053392     0.052385     0.056627
Triad:          12063.9     0.053463     0.052151     0.057317
-------------------------------------------------------------
Solution Validates: avg error less than 1.000000e-06 on all three arrays
-------------------------------------------------------------



--- run 1 ---
-------------------------------------------------------------
STREAM (dynamic) version — custom malloc-based implementation
-------------------------------------------------------------
This system uses 4 bytes per array element.
-------------------------------------------------------------
Array size = 52428800 (elements), Offset = 0 (elements)
Memory per array = 200.0 MiB (= 0.2 GiB).
Total memory required = 600.0 MiB (= 0.6 GiB).
Each kernel will be executed 20 times.
-------------------------------------------------------------
Function    Best Rate MB/s  Avg time     Min time     Max time
Copy:           14141.3     0.029989     0.029660     0.030953
Scale:          14213.7     0.029824     0.029509     0.030670
Add:            13655.4     0.047339     0.046073     0.050893
Triad:          13716.7     0.046947     0.045867     0.050088
-------------------------------------------------------------
Solution Validates: avg error less than 1.000000e-06 on all three arrays
-------------------------------------------------------------



--- run 2 ---
-------------------------------------------------------------
STREAM (dynamic) version — custom malloc-based implementation
-------------------------------------------------------------
This system uses 4 bytes per array element.
-------------------------------------------------------------
Array size = 52428800 (elements), Offset = 0 (elements)
Memory per array = 200.0 MiB (= 0.2 GiB).
Total memory required = 600.0 MiB (= 0.6 GiB).
Each kernel will be executed 20 times.
-------------------------------------------------------------
Function    Best Rate MB/s  Avg time     Min time     Max time
Copy:           14162.8     0.030020     0.029615     0.031721
Scale:          14204.9     0.030074     0.029527     0.033655
Add:            13678.6     0.047424     0.045995     0.049893
Triad:          13759.0     0.046851     0.045726     0.049042
-------------------------------------------------------------
Solution Validates: avg error less than 1.000000e-06 on all three arrays
-------------------------------------------------------------



--- run 3 ---
-------------------------------------------------------------
STREAM (dynamic) version — custom malloc-based implementation
-------------------------------------------------------------
This system uses 4 bytes per array element.
-------------------------------------------------------------
Array size = 52428800 (elements), Offset = 0 (elements)
Memory per array = 200.0 MiB (= 0.2 GiB).
Total memory required = 600.0 MiB (= 0.6 GiB).
Each kernel will be executed 20 times.
-------------------------------------------------------------
Function    Best Rate MB/s  Avg time     Min time     Max time
Copy:           14148.5     0.029984     0.029645     0.032298
Scale:          14202.1     0.029804     0.029533     0.031463
Add:            13593.7     0.047001     0.046282     0.048201
Triad:          13676.5     0.046852     0.046002     0.049110
-------------------------------------------------------------
Solution Validates: avg error less than 1.000000e-06 on all three arrays
-------------------------------------------------------------



--- run 4 ---
-------------------------------------------------------------
STREAM (dynamic) version — custom malloc-based implementation
-------------------------------------------------------------
This system uses 4 bytes per array element.
-------------------------------------------------------------
Array size = 52428800 (elements), Offset = 0 (elements)
Memory per array = 200.0 MiB (= 0.2 GiB).
Total memory required = 600.0 MiB (= 0.6 GiB).
Each kernel will be executed 20 times.
-------------------------------------------------------------
Function    Best Rate MB/s  Avg time     Min time     Max time
Copy:           14130.8     0.029853     0.029682     0.030629
Scale:          14168.5     0.029833     0.029603     0.030755
Add:            13582.0     0.047322     0.046322     0.050881
Triad:          13593.2     0.047205     0.046284     0.052375
-------------------------------------------------------------
Solution Validates: avg error less than 1.000000e-06 on all three arrays
-------------------------------------------------------------



--- run 5 ---
-------------------------------------------------------------
STREAM (dynamic) version — custom malloc-based implementation
-------------------------------------------------------------
This system uses 4 bytes per array element.
-------------------------------------------------------------
Array size = 52428800 (elements), Offset = 0 (elements)
Memory per array = 200.0 MiB (= 0.2 GiB).
Total memory required = 600.0 MiB (= 0.6 GiB).
Each kernel will be executed 20 times.
-------------------------------------------------------------
Function    Best Rate MB/s  Avg time     Min time     Max time
Copy:           14160.4     0.030021     0.029620     0.032813
Scale:          14202.6     0.029936     0.029532     0.031599
Add:            13677.1     0.047197     0.046000     0.050081
Triad:          13713.1     0.046584     0.045879     0.048036
-------------------------------------------------------------
Solution Validates: avg error less than 1.000000e-06 on all three arrays
-------------------------------------------------------------



--- run 1 ---
-------------------------------------------------------------
STREAM (dynamic) version — custom malloc-based implementation
-------------------------------------------------------------
This system uses 4 bytes per array element.
-------------------------------------------------------------
Array size = 52428800 (elements), Offset = 0 (elements)
Memory per array = 200.0 MiB (= 0.2 GiB).
Total memory required = 600.0 MiB (= 0.6 GiB).
Each kernel will be executed 20 times.
-------------------------------------------------------------
Function    Best Rate MB/s  Avg time     Min time     Max time
Copy:           17445.0     0.024568     0.024043     0.028402
Scale:          17571.5     0.024354     0.023870     0.026758
Add:            17041.7     0.037634     0.036918     0.041314
Triad:          17104.8     0.037791     0.036782     0.044968
-------------------------------------------------------------
Solution Validates: avg error less than 1.000000e-06 on all three arrays
-------------------------------------------------------------



--- run 2 ---
-------------------------------------------------------------
STREAM (dynamic) version — custom malloc-based implementation
-------------------------------------------------------------
This system uses 4 bytes per array element.
-------------------------------------------------------------
Array size = 52428800 (elements), Offset = 0 (elements)
Memory per array = 200.0 MiB (= 0.2 GiB).
Total memory required = 600.0 MiB (= 0.6 GiB).
Each kernel will be executed 20 times.
-------------------------------------------------------------
Function    Best Rate MB/s  Avg time     Min time     Max time
Copy:           17411.8     0.024551     0.024089     0.027904
Scale:          17392.3     0.024701     0.024116     0.027452
Add:            16894.3     0.037698     0.037240     0.039992
Triad:          16924.4     0.038156     0.037174     0.045732
-------------------------------------------------------------
Solution Validates: avg error less than 1.000000e-06 on all three arrays
-------------------------------------------------------------



--- run 3 ---
-------------------------------------------------------------
STREAM (dynamic) version — custom malloc-based implementation
-------------------------------------------------------------
This system uses 4 bytes per array element.
-------------------------------------------------------------
Array size = 52428800 (elements), Offset = 0 (elements)
Memory per array = 200.0 MiB (= 0.2 GiB).
Total memory required = 600.0 MiB (= 0.6 GiB).
Each kernel will be executed 20 times.
-------------------------------------------------------------
Function    Best Rate MB/s  Avg time     Min time     Max time
Copy:           17397.2     0.024494     0.024109     0.025857
Scale:          17444.3     0.024724     0.024044     0.028562
Add:            16957.6     0.037948     0.037101     0.042890
Triad:          17044.9     0.037911     0.036911     0.041633
-------------------------------------------------------------
Solution Validates: avg error less than 1.000000e-06 on all three arrays
-------------------------------------------------------------



--- run 4 ---
-------------------------------------------------------------
STREAM (dynamic) version — custom malloc-based implementation
-------------------------------------------------------------
This system uses 4 bytes per array element.
-------------------------------------------------------------
Array size = 52428800 (elements), Offset = 0 (elements)
Memory per array = 200.0 MiB (= 0.2 GiB).
Total memory required = 600.0 MiB (= 0.6 GiB).
Each kernel will be executed 20 times.
-------------------------------------------------------------
Function    Best Rate MB/s  Avg time     Min time     Max time
Copy:           17376.4     0.024482     0.024138     0.026071
Scale:          17452.9     0.024728     0.024032     0.027087
Add:            16921.6     0.038025     0.037180     0.040890
Triad:          16959.9     0.037774     0.037096     0.040776
-------------------------------------------------------------
Solution Validates: avg error less than 1.000000e-06 on all three arrays
-------------------------------------------------------------



--- run 5 ---
-------------------------------------------------------------
STREAM (dynamic) version — custom malloc-based implementation
-------------------------------------------------------------
This system uses 4 bytes per array element.
-------------------------------------------------------------
Array size = 52428800 (elements), Offset = 0 (elements)
Memory per array = 200.0 MiB (= 0.2 GiB).
Total memory required = 600.0 MiB (= 0.6 GiB).
Each kernel will be executed 20 times.
-------------------------------------------------------------
Function    Best Rate MB/s  Avg time     Min time     Max time
Copy:           17482.9     0.024609     0.023991     0.026177
Scale:          17504.7     0.024625     0.023961     0.026451
Add:            17113.6     0.037708     0.036763     0.041208
Triad:          17178.5     0.037426     0.036624     0.040424
-------------------------------------------------------------
Solution Validates: avg error less than 1.000000e-06 on all three arrays
-------------------------------------------------------------


